../Core/Src/main.c:190:5:main	24	static
../Core/Src/main.c:407:6:SystemClock_Config	88	static
../Core/Src/main.c:454:13:MX_I2C1_Init	8	static
../Core/Src/main.c:488:13:MX_TIM1_Init	96	static
../Core/Src/main.c:575:13:MX_TIM2_Init	56	static
../Core/Src/main.c:624:13:MX_TIM3_Init	56	static
../Core/Src/main.c:673:13:MX_TIM4_Init	56	static
../Core/Src/main.c:722:13:MX_TIM5_Init	56	static
../Core/Src/main.c:771:13:MX_TIM8_Init	96	static
../Core/Src/main.c:858:13:MX_TIM9_Init	56	static
../Core/Src/main.c:910:13:MX_GPIO_Init	32	static
../Core/Src/main.c:930:6:Motor_Guncelle	40	static
../Core/Src/main.c:993:6:Hedefe_Yavas_Git	128	static
../Core/Src/main.c:1043:6:IK_ile_Yavas_Git	120	static
../Core/Src/main.c:1097:6:Robotu_Senkron_Tasi	80	static
../Core/Src/main.c:1126:5:Hareket_Tamamlandi_Mi	24	static
../Core/Src/main.c:1136:6:IK_Git	96	static
../Core/Src/main.c:1174:6:Hareketi_Tamamla	16	static
../Core/Src/main.c:1189:6:Git_Home	8	static
../Core/Src/main.c:1200:6:Git_Hazne	8	static
../Core/Src/main.c:1214:6:Git_Kutu_1	8	static
../Core/Src/main.c:1237:6:Git_Kutu_2	8	static
../Core/Src/main.c:1257:6:Git_Kutu_3	8	static
../Core/Src/main.c:1275:6:Git_Kutu_4	8	static
../Core/Src/main.c:1292:6:Senaryoyu_Baslat	8	static
../Core/Src/main.c:1302:6:Aktif_Bekle	24	static
../Core/Src/main.c:1316:6:TCS34725_Baslat	24	static
../Core/Src/main.c:1351:6:Servo_Pulse_Ver	16	static
../Core/Src/main.c:1356:6:Gripper_Ac	8	static
../Core/Src/main.c:1373:6:Gripper_Kapat	8	static
../Core/Src/main.c:1390:6:TCS34725_Oku	32	static
../Core/Src/main.c:1411:5:Sensor_Kutu_Var_Mi	8	static
../Core/Src/main.c:1425:5:Rengi_Analiz_Et	8	static
../Core/Src/main.c:1472:6:Error_Handler	4	static,ignoring_inline_asm
